<?xml version="1.0" encoding="utf-8"?>
<assembly name="JetBrainsAnnotationsSample">
  <member name="M:JetBrainsAnnotationsSample.AnyMethod(System.Object)">
    <attribute ctor="M:JetBrains.Annotations.CanBeNullAttribute.#ctor" />
    <parameter name="anyParam">
      <attribute ctor="M:JetBrains.Annotations.NotNullAttribute.#ctor" />
      <attribute ctor="M:JetBrains.Annotations.UsedImplicitlyAttribute.#ctor" />
    </parameter>
  </member>
  <member name="P:JetBrainsAnnotationsSample.AnyProperty">
    <attribute ctor="M:JetBrains.Annotations.NotNullAttribute.#ctor" />
  </member>
  <member name="M:JetBrainsAnnotationsSample.Format(System.String,System.Object[])">
    <attribute ctor="M:JetBrains.Annotations.NotNullAttribute.#ctor" />
    <attribute ctor="M:JetBrains.Annotations.StringFormatMethodAttribute.#ctor(System.String)">
      <argument>format</argument>
    </attribute>
    <parameter name="format">
      <attribute ctor="M:JetBrains.Annotations.NotNullAttribute.#ctor" />
    </parameter>
    <parameter name="args">
      <attribute ctor="M:JetBrains.Annotations.NotNullAttribute.#ctor" />
      <attribute ctor="M:JetBrains.Annotations.ItemNotNullAttribute.#ctor" />
    </parameter>
  </member>
</assembly>